// Jest Snapshot v1, https://goo.gl/fbAQLP

exports[`render match snapshot 1`] = `
Array [
  Object {
    "address": "NARNIA",
    "latitude": 51.756779,
    "longitude": -1.189902,
    "title": "WHERE AM I?",
    "type": "location",
  },
]
`;
