// Jest Snapshot v1, https://goo.gl/fbAQLP

exports[`renders match snapshot 1`] = `
Array [
  Object {
    "action": Object {
      "label": "foo",
      "type": "uri",
      "uri": "https://...",
    },
    "imageUrl": "https://...",
    "type": "action",
  },
]
`;
