// Jest Snapshot v1, https://goo.gl/fbAQLP

exports[`<p/> hoist plain text into text message object 1`] = `
Array [
  Object {
    "node": <p>
      foo
      <br />
      bar
      <br />
      <br />
      baz
    </p>,
    "path": "$",
    "type": "unit",
    "value": Object {
      "message": Object {
        "text": "foo",
      },
    },
  },
  Object {
    "node": <p>
      foo
      <br />
      bar
      <br />
      <br />
      baz
    </p>,
    "path": "$",
    "type": "unit",
    "value": Object {
      "message": Object {
        "text": "bar",
      },
    },
  },
  Object {
    "node": <p>
      foo
      <br />
      bar
      <br />
      <br />
      baz
    </p>,
    "path": "$",
    "type": "unit",
    "value": Object {
      "message": Object {
        "text": "baz",
      },
    },
  },
]
`;

exports[`elements match snapshot 1`] = `
Array [
  Object {
    "node": <p>
      abc
    </p>,
    "path": "$::0",
    "type": "unit",
    "value": Object {
      "message": Object {
        "text": "abc",
      },
    },
  },
  Object {
    "node": <b>
      important
    </b>,
    "path": "$::2",
    "type": "text",
    "value": "*important*",
  },
  Object {
    "node": <i>
      italic
    </i>,
    "path": "$::4",
    "type": "text",
    "value": "_italic_",
  },
  Object {
    "node": <del>
      nooooo
    </del>,
    "path": "$::6",
    "type": "text",
    "value": "~nooooo~",
  },
  Object {
    "node": <code>
      foo.bar()
    </code>,
    "path": "$::8",
    "type": "text",
    "value": "\`foo.bar()\`",
  },
  Object {
    "node": <pre>
      foo.bar('hello world')
    </pre>,
    "path": "$::10",
    "type": "text",
    "value": "\`\`\`
foo.bar('hello world')
\`\`\`",
  },
]
`;

exports[`media elements match snapshot 1`] = `
Array [
  Object {
    "node": <img
      src="http://avatar.my.bot"
    />,
    "path": "$::0",
    "type": "unit",
    "value": Object {
      "message": Object {
        "attachment": Object {
          "payload": Object {
            "url": "http://avatar.my.bot",
          },
          "type": "image",
        },
      },
    },
  },
  Object {
    "node": <video
      src="http://vid.my.bot"
    />,
    "path": "$::1",
    "type": "unit",
    "value": Object {
      "message": Object {
        "attachment": Object {
          "payload": Object {
            "url": "http://vid.my.bot",
          },
          "type": "video",
        },
      },
    },
  },
  Object {
    "node": <audio
      src="http://sound.my.bot"
    />,
    "path": "$::2",
    "type": "unit",
    "value": Object {
      "message": Object {
        "attachment": Object {
          "payload": Object {
            "url": "http://sound.my.bot",
          },
          "type": "audio",
        },
      },
    },
  },
  Object {
    "node": <file
      src="http://profile.my.bot"
    />,
    "path": "$::3",
    "type": "unit",
    "value": Object {
      "message": Object {
        "attachment": Object {
          "payload": Object {
            "url": "http://profile.my.bot",
          },
          "type": "file",
        },
      },
    },
  },
]
`;

exports[`nested elements match snapshot 1`] = `
Array [
  Object {
    "node": <p>
      Mic test
       
      <code>
        Hello, 
        <b>
          Luke Skywalker!
        </b>
      </code>
      <br />
      You know what?
      <br />
      <i>
        I'm your 
        <del>
          FATHER
        </del>
         
        <code>
          droid
        </code>
        .
      </i>
      <br />
      <br />
      <pre>
        May the force be with you!
      </pre>
       Test over
    </p>,
    "path": "$",
    "type": "unit",
    "value": Object {
      "message": Object {
        "text": "Mic test \`Hello, *Luke Skywalker!*\`",
      },
    },
  },
  Object {
    "node": <p>
      Mic test
       
      <code>
        Hello, 
        <b>
          Luke Skywalker!
        </b>
      </code>
      <br />
      You know what?
      <br />
      <i>
        I'm your 
        <del>
          FATHER
        </del>
         
        <code>
          droid
        </code>
        .
      </i>
      <br />
      <br />
      <pre>
        May the force be with you!
      </pre>
       Test over
    </p>,
    "path": "$",
    "type": "unit",
    "value": Object {
      "message": Object {
        "text": "You know what?",
      },
    },
  },
  Object {
    "node": <p>
      Mic test
       
      <code>
        Hello, 
        <b>
          Luke Skywalker!
        </b>
      </code>
      <br />
      You know what?
      <br />
      <i>
        I'm your 
        <del>
          FATHER
        </del>
         
        <code>
          droid
        </code>
        .
      </i>
      <br />
      <br />
      <pre>
        May the force be with you!
      </pre>
       Test over
    </p>,
    "path": "$",
    "type": "unit",
    "value": Object {
      "message": Object {
        "text": "_I'm your ~FATHER~ \`droid\`._",
      },
    },
  },
  Object {
    "node": <p>
      Mic test
       
      <code>
        Hello, 
        <b>
          Luke Skywalker!
        </b>
      </code>
      <br />
      You know what?
      <br />
      <i>
        I'm your 
        <del>
          FATHER
        </del>
         
        <code>
          droid
        </code>
        .
      </i>
      <br />
      <br />
      <pre>
        May the force be with you!
      </pre>
       Test over
    </p>,
    "path": "$",
    "type": "unit",
    "value": Object {
      "message": Object {
        "text": "\`\`\`
May the force be with you!
\`\`\` Test over",
      },
    },
  },
]
`;
