// Jest Snapshot v1, https://goo.gl/fbAQLP

exports[`#createJobs(actions) create job of multicast api 1`] = `
Array [
  Object {
    "body": Object {
      "messages": Array [
        Object {
          "id": 0,
        },
        Object {
          "id": 1,
        },
        Object {
          "id": 2,
        },
        Object {
          "id": 3,
        },
        Object {
          "id": 4,
        },
      ],
      "to": Array [
        "foo",
        "bar",
        "baz",
      ],
    },
    "entry": "message/multicast",
    "threadId": "line:default:multicast",
  },
  Object {
    "body": Object {
      "messages": Array [
        Object {
          "id": 5,
        },
        Object {
          "id": 6,
        },
        Object {
          "id": 7,
        },
      ],
      "to": Array [
        "foo",
        "bar",
        "baz",
      ],
    },
    "entry": "message/multicast",
    "threadId": "line:default:multicast",
  },
]
`;
