// Jest Snapshot v1, https://goo.gl/fbAQLP

exports[`built script object 1`] = `
Array [
  Object {
    "render": [Function],
    "type": "content",
  },
  Object {
    "condition": [Function],
    "isNot": false,
    "offset": 5,
    "type": "jump_cond",
  },
  Object {
    "condition": [Function],
    "isNot": false,
    "offset": 9,
    "type": "jump_cond",
  },
  Object {
    "render": [Function],
    "type": "content",
  },
  Object {
    "goto": "childPrompt",
    "key": "call_1",
    "script": Object {
      "$$typeof": Symbol(machinat.component.script),
      "Init": [Function],
      "commands": Array [
        Object {
          "render": [Function],
          "type": "content",
        },
        Object {
          "filter": [Function],
          "key": "childPrompt",
          "setter": [Function],
          "type": "prompt",
        },
      ],
      "entriesIndex": Map {
        "childPrompt" => 1,
      },
      "meta": Object {
        "foo": "baz",
      },
      "name": "ChildScript",
    },
    "setter": undefined,
    "type": "call",
    "withVars": [Function],
  },
  Object {
    "offset": 10,
    "type": "jump",
  },
  Object {
    "condition": [Function],
    "isNot": true,
    "offset": 4,
    "type": "jump_cond",
  },
  Object {
    "render": [Function],
    "type": "content",
  },
  Object {
    "filter": [Function],
    "key": "ask_1",
    "setter": [Function],
    "type": "prompt",
  },
  Object {
    "offset": -3,
    "type": "jump",
  },
  Object {
    "offset": 5,
    "type": "jump",
  },
  Object {
    "render": [Function],
    "type": "content",
  },
  Object {
    "filter": [Function],
    "key": "ask_2",
    "setter": [Function],
    "type": "prompt",
  },
  Object {
    "type": "return",
    "valueGetter": [Function],
  },
  Object {
    "offset": 1,
    "type": "jump",
  },
  Object {
    "setter": [Function],
    "type": "set_vars",
  },
  Object {
    "render": [Function],
    "type": "content",
  },
]
`;

exports[`built script object 3`] = `
Array [
  Object {
    "render": [Function],
    "type": "content",
  },
  Object {
    "filter": [Function],
    "key": "childPrompt",
    "setter": [Function],
    "type": "prompt",
  },
]
`;
