// Jest Snapshot v1, https://goo.gl/fbAQLP

exports[`resolve <IF/> resolve nested <IF/> 1`] = `
Array [
  Object {
    "branches": Array [
      Object {
        "body": Array [
          Object {
            "render": [Function],
            "type": "content",
          },
          Object {
            "branches": Array [
              Object {
                "body": Array [
                  Object {
                    "render": [Function],
                    "type": "content",
                  },
                ],
                "condition": [Function],
              },
            ],
            "fallback": undefined,
            "type": "conditions",
          },
          Object {
            "render": [Function],
            "type": "content",
          },
        ],
        "condition": [Function],
      },
      Object {
        "body": Array [
          Object {
            "render": [Function],
            "type": "content",
          },
          Object {
            "branches": Array [
              Object {
                "body": Array [
                  Object {
                    "render": [Function],
                    "type": "content",
                  },
                ],
                "condition": [Function],
              },
              Object {
                "body": Array [
                  Object {
                    "render": [Function],
                    "type": "content",
                  },
                ],
                "condition": [Function],
              },
            ],
            "fallback": undefined,
            "type": "conditions",
          },
          Object {
            "render": [Function],
            "type": "content",
          },
        ],
        "condition": [Function],
      },
    ],
    "fallback": Array [
      Object {
        "render": [Function],
        "type": "content",
      },
      Object {
        "branches": Array [
          Object {
            "body": Array [
              Object {
                "render": [Function],
                "type": "content",
              },
            ],
            "condition": [Function],
          },
        ],
        "fallback": Array [
          Object {
            "render": [Function],
            "type": "content",
          },
        ],
        "type": "conditions",
      },
      Object {
        "render": [Function],
        "type": "content",
      },
    ],
    "type": "conditions",
  },
]
`;

exports[`resolve whole script 1`] = `
Array [
  Object {
    "key": "start",
    "type": "label",
  },
  Object {
    "render": [Function],
    "type": "content",
  },
  Object {
    "branches": Array [
      Object {
        "body": Array [
          Object {
            "key": "1st",
            "type": "label",
          },
          Object {
            "body": Array [
              Object {
                "render": [Function],
                "type": "content",
              },
              Object {
                "key": "ask_1",
                "setter": [Function],
                "type": "prompt",
              },
            ],
            "condition": [Function],
            "type": "while",
          },
        ],
        "condition": [Function],
      },
      Object {
        "body": Array [
          Object {
            "render": [Function],
            "type": "content",
          },
          Object {
            "branches": Array [
              Object {
                "body": Array [
                  Object {
                    "render": [Function],
                    "type": "content",
                  },
                  Object {
                    "key": "ask_2",
                    "setter": [Function],
                    "type": "prompt",
                  },
                ],
                "condition": [Function],
              },
            ],
            "fallback": Array [
              Object {
                "render": [Function],
                "type": "content",
              },
            ],
            "type": "conditions",
          },
        ],
        "condition": [Function],
      },
    ],
    "fallback": Array [
      Object {
        "render": [Function],
        "type": "content",
      },
      Object {
        "goto": "bar",
        "key": "call_1",
        "script": Object {
          "$$typeof": Symbol(machinat.component.script),
          "commands": Array [
            Object {
              "render": [Function],
              "type": "content",
            },
            Object {
              "key": "ask",
              "type": "prompt",
            },
          ],
          "entryKeysIndex": Map {
            "foo" => 3,
            "bar" => 8,
          },
          "name": "AnotherScript",
        },
        "setter": [Function],
        "type": "call",
        "withVars": [Function],
      },
    ],
    "type": "conditions",
  },
  Object {
    "setter": [Function],
    "type": "set_vars",
  },
  Object {
    "key": "2nd",
    "type": "label",
  },
  Object {
    "render": [Function],
    "type": "content",
  },
  Object {
    "setter": [Function],
    "type": "set_vars",
  },
  Object {
    "key": "3rd",
    "type": "label",
  },
  Object {
    "render": [Function],
    "type": "content",
  },
  Object {
    "body": Array [
      Object {
        "render": [Function],
        "type": "content",
      },
      Object {
        "branches": Array [
          Object {
            "body": Array [
              Object {
                "key": "4th",
                "type": "label",
              },
              Object {
                "render": [Function],
                "type": "content",
              },
              Object {
                "key": "ask_3",
                "setter": [Function],
                "type": "prompt",
              },
            ],
            "condition": [Function],
          },
        ],
        "fallback": Array [
          Object {
            "type": "return",
            "valueGetter": [Function],
          },
        ],
        "type": "conditions",
      },
    ],
    "condition": [Function],
    "type": "while",
  },
  Object {
    "render": [Function],
    "type": "content",
  },
  Object {
    "goto": "foo",
    "key": "call_2",
    "script": Object {
      "$$typeof": Symbol(machinat.component.script),
      "commands": Array [
        Object {
          "render": [Function],
          "type": "content",
        },
        Object {
          "key": "ask",
          "type": "prompt",
        },
      ],
      "entryKeysIndex": Map {
        "foo" => 3,
        "bar" => 8,
      },
      "name": "AnotherScript",
    },
    "setter": undefined,
    "type": "call",
    "withVars": [Function],
  },
  Object {
    "key": "end",
    "type": "label",
  },
  Object {
    "key": "ask_4",
    "setter": [Function],
    "type": "prompt",
  },
  Object {
    "render": [Function],
    "type": "content",
  },
]
`;
