// Jest Snapshot v1, https://goo.gl/fbAQLP

exports[`Audio render match snapshot 1`] = `
Object {
  "duration": 6666,
  "originalContentUrl": "https://...",
  "type": "audio",
}
`;

exports[`Video render match snapshot 1`] = `
Object {
  "originalContentUrl": "https://...",
  "previewImageUrl": "https://...",
  "trackingId": undefined,
  "type": "video",
}
`;
