// Jest Snapshot v1, https://goo.gl/fbAQLP

exports[`<p/> hoist textual children into text message object 1`] = `
Array [
  Object {
    "node": <p>
      foo
      <br />
      bar
      <br />
      <br />
      baz
    </p>,
    "path": "$",
    "type": "unit",
    "value": Object {
      "message": Object {
        "text": "foo
bar

baz",
      },
    },
  },
]
`;

exports[`media elements match snapshot 1`] = `
Array [
  Object {
    "node": <img
      src="http://avatar.my.bot"
    />,
    "path": "$::0",
    "type": "unit",
    "value": Object {
      "message": Object {
        "attachment": Object {
          "payload": Object {
            "url": "http://avatar.my.bot",
          },
          "type": "image",
        },
      },
    },
  },
  Object {
    "node": <video
      src="http://vid.my.bot"
    />,
    "path": "$::1",
    "type": "unit",
    "value": Object {
      "message": Object {
        "attachment": Object {
          "payload": Object {
            "url": "http://vid.my.bot",
          },
          "type": "video",
        },
      },
    },
  },
  Object {
    "node": <audio
      src="http://sound.my.bot"
    />,
    "path": "$::2",
    "type": "unit",
    "value": Object {
      "message": Object {
        "attachment": Object {
          "payload": Object {
            "url": "http://sound.my.bot",
          },
          "type": "audio",
        },
      },
    },
  },
  Object {
    "node": <file
      src="http://profile.my.bot"
    />,
    "path": "$::3",
    "type": "unit",
    "value": Object {
      "message": Object {
        "attachment": Object {
          "payload": Object {
            "url": "http://profile.my.bot",
          },
          "type": "file",
        },
      },
    },
  },
]
`;

exports[`render nested elements match snapshot 1`] = `
Array [
  Object {
    "node": <p>
      Mic test
       
      <code>
        Hello, 
        <b>
          Luke Skywalker!
        </b>
      </code>
      <br />
      You know what?
      <br />
      <i>
        <u>
          I'm your
        </u>
         
        <s>
          FATHER
        </s>
         
        <code>
          droid
        </code>
        .
      </i>
      <br />
      <br />
      <pre>
        May the force be with you!
      </pre>
       Test over
    </p>,
    "path": "$",
    "type": "unit",
    "value": Object {
      "message": Object {
        "text": "Mic test \`Hello, *Luke Skywalker!*\`
You know what?
_I'm your ~FATHER~ \`droid\`._

\`\`\`
May the force be with you!
\`\`\` Test over",
      },
    },
  },
]
`;

exports[`render shallow element match snapshot 1`] = `
Array [
  Array [
    Object {
      "node": <p>
        abc
      </p>,
      "path": "$",
      "type": "unit",
      "value": Object {
        "message": Object {
          "text": "abc",
        },
      },
    },
  ],
  Array [
    Object {
      "node": <b>
        important
      </b>,
      "path": "$",
      "type": "text",
      "value": "*important*",
    },
  ],
  Array [
    Object {
      "node": <i>
        italic
      </i>,
      "path": "$",
      "type": "text",
      "value": "_italic_",
    },
  ],
  Array [
    Object {
      "node": <s>
        nooooo
      </s>,
      "path": "$",
      "type": "text",
      "value": "~nooooo~",
    },
  ],
  Array [
    Object {
      "node": <u>
        underlined
      </u>,
      "path": "$",
      "type": "text",
      "value": "underlined",
    },
  ],
  Array [
    Object {
      "node": <code>
        foo.bar()
      </code>,
      "path": "$",
      "type": "text",
      "value": "\`foo.bar()\`",
    },
  ],
  Array [
    Object {
      "node": <pre>
        foo.bar('hello world')
      </pre>,
      "path": "$",
      "type": "text",
      "value": "\`\`\`
foo.bar('hello world')
\`\`\`",
    },
  ],
  Array [
    Object {
      "node": <br />,
      "path": "$",
      "type": "text",
      "value": "
",
    },
  ],
]
`;
