// Jest Snapshot v1, https://goo.gl/fbAQLP

exports[`Text match snapshot 1`] = `
Array [
  Object {
    "message": Object {
      "metadata": undefined,
      "quick_replies": undefined,
      "text": "abc",
    },
  },
  Object {
    "message": Object {
      "metadata": "xyz",
      "quick_replies": undefined,
      "text": "abc",
    },
  },
  Object {
    "message": Object {
      "metadata": undefined,
      "quick_replies": undefined,
      "text": "
__RENDERED_TEXT_1__
__RENDERED_TEXT_2__
__RENDERED_TEXT_3__",
    },
  },
  Object {
    "message": Object {
      "metadata": undefined,
      "quick_replies": Array [
        "__RENDERED_QUICKREPLY_OBJ_1__",
        "__RENDERED_QUICKREPLY_OBJ_2__",
        "__RENDERED_QUICKREPLY_OBJ_3__",
      ],
      "text": "
__RENDERED_TEXT_1__
__RENDERED_TEXT_2__
__RENDERED_TEXT_3__",
    },
  },
]
`;
