// Jest Snapshot v1, https://goo.gl/fbAQLP

exports[`handleWebhook(options)(req, res, body) returns events created 1`] = `
Array [
  Object {
    "channel": LineChannel {
      "channelId": "_LINE_CHANNEL_ID_",
      "platform": "line",
      "source": Object {
        "type": "user",
        "userId": "U4af4980629",
      },
      "sourceId": "U4af4980629",
      "type": "user",
    },
    "event": Object {
      "payload": Object {
        "message": Object {
          "id": "325708",
          "text": "Hello, world",
          "type": "text",
        },
        "replyToken": "0f3779fba3b349968c5d07db31eab56f",
        "source": Object {
          "type": "user",
          "userId": "U4af4980629",
        },
        "timestamp": 1462629479859,
        "type": "message",
      },
      "subtype": "text",
      "type": "message",
    },
    "response": undefined,
    "user": LineUser {
      "platform": "line",
      "userId": "U4af4980629",
    },
  },
  Object {
    "channel": LineChannel {
      "channelId": "_LINE_CHANNEL_ID_",
      "platform": "line",
      "source": Object {
        "type": "user",
        "userId": "U4af4980629",
      },
      "sourceId": "U4af4980629",
      "type": "user",
    },
    "event": Object {
      "payload": Object {
        "replyToken": "8cf9239d56244f4197887e939187e19e",
        "source": Object {
          "type": "user",
          "userId": "U4af4980629",
        },
        "timestamp": 1462629479859,
        "type": "follow",
      },
      "subtype": undefined,
      "type": "follow",
    },
    "response": undefined,
    "user": LineUser {
      "platform": "line",
      "userId": "U4af4980629",
    },
  },
]
`;
