// Jest Snapshot v1, https://goo.gl/fbAQLP

exports[`call next.render() with page/query returned by handleRequest 1`] = `
Object {
  "headers": Object {
    "x-y-z": "abc",
  },
  "method": "GET",
  "url": "http://machinat.com/hello?foo=bar",
}
`;

exports[`call next.renderError() handleRequest return not ok 1`] = `
Object {
  "headers": Object {
    "x-y-z": "abc",
  },
  "method": "GET",
  "url": "http://machinat.com/hello?foo=bar",
}
`;

exports[`customized headers returned by handleRequest 1`] = `
Object {
  "headers": Object {
    "x-y-z": "abc",
  },
  "method": "GET",
  "url": "http://machinat.com/hello?foo=bar",
}
`;
