// Jest Snapshot v1, https://goo.gl/fbAQLP

exports[`<text/> with textual nodes 2`] = `
Array [
  Object {
    "node": <text>
      123
       
      <code>
        Hello, 
        <b>
          R2D2!
        </b>
      </code>
      <br />
      You know what?
      <br />
      <i>
        I'm your 
        <del>
          FATHER
        </del>
         
        <code>
          creator
        </code>
        .
      </i>
      <br />
      <pre>
        May the force be with you!
      </pre>
       Bye!
    </text>,
    "path": "$",
    "type": "unit",
    "value": Object {
      "text": "123 Hello, R2D2!",
      "type": "text",
    },
  },
  Object {
    "node": <text>
      123
       
      <code>
        Hello, 
        <b>
          R2D2!
        </b>
      </code>
      <br />
      You know what?
      <br />
      <i>
        I'm your 
        <del>
          FATHER
        </del>
         
        <code>
          creator
        </code>
        .
      </i>
      <br />
      <pre>
        May the force be with you!
      </pre>
       Bye!
    </text>,
    "path": "$",
    "type": "unit",
    "value": Object {
      "text": "You know what?",
      "type": "text",
    },
  },
  Object {
    "node": <text>
      123
       
      <code>
        Hello, 
        <b>
          R2D2!
        </b>
      </code>
      <br />
      You know what?
      <br />
      <i>
        I'm your 
        <del>
          FATHER
        </del>
         
        <code>
          creator
        </code>
        .
      </i>
      <br />
      <pre>
        May the force be with you!
      </pre>
       Bye!
    </text>,
    "path": "$",
    "type": "unit",
    "value": Object {
      "text": "I'm your FATHER creator.",
      "type": "text",
    },
  },
  Object {
    "node": <text>
      123
       
      <code>
        Hello, 
        <b>
          R2D2!
        </b>
      </code>
      <br />
      You know what?
      <br />
      <i>
        I'm your 
        <del>
          FATHER
        </del>
         
        <code>
          creator
        </code>
        .
      </i>
      <br />
      <pre>
        May the force be with you!
      </pre>
       Bye!
    </text>,
    "path": "$",
    "type": "unit",
    "value": Object {
      "text": "May the force be with you! Bye!",
      "type": "text",
    },
  },
]
`;

exports[`text components shallow textual elements match snapshot 1`] = `
Array [
  Object {
    "node": <b>
      important
    </b>,
    "path": "$:0",
    "type": "text",
    "value": "important",
  },
  Object {
    "node": <i>
      italic
    </i>,
    "path": "$:2",
    "type": "text",
    "value": "italic",
  },
  Object {
    "node": <del>
      nooooo
    </del>,
    "path": "$:4",
    "type": "text",
    "value": "nooooo",
  },
  Object {
    "node": <code>
      foo.bar()
    </code>,
    "path": "$:6",
    "type": "text",
    "value": "foo.bar()",
  },
  Object {
    "node": <pre>
      foo.bar('hello world')
    </pre>,
    "path": "$:8",
    "type": "text",
    "value": "foo.bar('hello world')",
  },
]
`;
